{
  "parameters": {
    "index_name": "myindex",
    "primary_keys": ["id"],
    "query": "",
    "date": {
      "shift": "yesterday",
      "format": "%Y-%m-%d",
      "time_zone": "UTC"
    },
    "scheme": "http",
    "incremental": true,
    "storage_table": "search_analytics",
    "db": {
      "hostname": "host.docker.internal",
      "port": 9200
    },
    "authentication": {
      "auth_type": "basic",
      "username": "elastic",
      "#password": "root"
    },
    "debug": false
  }
}