{"table_name": "search_analytics", "column_mappings": {"id": "id", "state.id": "state_id", "state.text": "state_text", "user.id": "user_id", "user.gender": "user_gender", "user.email": "user_email", "address.zip": "address_zip", "address.name": "address_name", "address.surname": "address_surname", "address.street": "address_street", "address.number": "address_number", "address.city": "address_city", "price.total_price": "price_total_price", "price.total_price_cz": "price_total_price_cz", "price.payment_price": "price_payment_price", "price.shipment_price": "price_shipment_price", "price.total_deal_price": "price_total_deal_price", "price.total_deal_purchase_price": "price_total_deal_purchase_price", "price.total_deal_sale_price": "price_total_deal_sale_price", "price.total_deal_sale": "price_total_deal_sale", "payment_type.id": "payment_type_id", "payment_type.name": "payment_type_name", "credit": "credit", "credit_payment": "credit_payment", "shipment.id": "shipment_id", "shipment.total_price": "shipment_total_price", "shipment.shipment_sid": "shipment_shipment_sid", "shipment.shipment_name": "shipment_shipment_name", "shipment.branch_id": "shipment_branch_id", "shipment.branch_name": "shipment_branch_name", "currency": "currency", "description": "description", "is_test": "is_test", "source": "source", "created_at": "created_at", "updated_at": "updated_at", "ordered_at": "ordered_at", "done_at": "done_at", "payed": "payed"}, "primary_keys": [], "force_types": [], "child_tables": {}}